[Bullagetrade.com/index.html]
[backblue.gif]
[fade.gif]
[index.html]
[Bullagetrade.com/assets/images/favicon.png]
[Bullagetrade.com/assets/images/logo.png]
[Bullagetrade.com/images/iStock-891619848_meitu_1.jpg]
[Bullagetrade.com/assets/images/iStock-891619848_meitu_1.jpg]
[Bullagetrade.com/assets/css/bootstrap.min.css]
[Bullagetrade.com/assets/css/animate.min.css]
[Bullagetrade.com/assets/css/fontawesome-all.min.css]
[Bullagetrade.com/assets/css/slick.css]
[Bullagetrade.com/assets/css/default.css]
[Bullagetrade.com/assets/css/stylee47d.css]
[Bullagetrade.com/assets/css/responsive.css]
[Bullagetrade.com/assets/css/swiper.min.css]
[Bullagetrade.com/assets/css/swiper-style.css]
[Bullagetrade.com/assets/css/custom.css]
[Bullagetrade.com/about.html]
[Bullagetrade.com/regulations.html]
[Bullagetrade.com/contact.html]
[Bullagetrade.com/software.html]
[Bullagetrade.com/news.html]
[Bullagetrade.com/assets/images/MT4-iPhones-14_1_2x.webp]
[Bullagetrade.com/forex.html]
[Bullagetrade.com/commodities.html]
[Bullagetrade.com/indices.html]
[Bullagetrade.com/shares.html]
[Bullagetrade.com/crypto.html]
[Bullagetrade.com/metatrader4.html]
[Bullagetrade.com/metatrader5.html]
[Bullagetrade.com/option-copy-trading.html]
[Bullagetrade.com/advance-trading.html]
[Bullagetrade.com/live-trading.html]
[Bullagetrade.com/market/record.html]
[www.gstatic.com/images/branding/googlelogo/1x/googlelogo_color_42x16dp.png]
[translate.google.com/translate_a/element7876.js]
[Bullagetrade.com/cdn-cgi/l/email-protection]
[Bullagetrade.com/assets/images/to-trade.webp]
[Bullagetrade.com/assets/images/Deposit-completed-time-to-trade_2x.webp]
[Bullagetrade.com/assets/images/iphones.webp]
[Bullagetrade.com/assets/images/3d-mobile-crypto.webp]
[Bullagetrade.com/cdn-cgi/scripts/5c5dd728/cloudflare-static/email-decode.min.js]
[Bullagetrade.com/assets/images/metals-updated.svg]
[s3.tradingview.com/external-embedding/embed-widget-advanced-chart.js]
[Bullagetrade.com/assets/images/title_img02.jpg]
[Bullagetrade.com/assets/images/img-desk.jpg]
[Bullagetrade.com/assets/images/video.mp4]
[Bullagetrade.com/assets/images/tesla-logo.png]
[Bullagetrade.com/assets/images/meta-logo.png]
[Bullagetrade.com/assets/images/nvidia-logo.png]
[Bullagetrade.com/assets/images/apple-logo.svg]
[Bullagetrade.com/assets/images/home_page_competitions_card_icon.webp]
[Bullagetrade.com/assets/images/copy-trading-networking-icon-lg.webp]
[Bullagetrade.com/assets/images/stocks-animated.svg]
[Bullagetrade.com/assets/images/commodities-banner.svg]
[Bullagetrade.com/assets/images/indices-animated.svg]
[Bullagetrade.com/assets/images/currencypairesnew.svg]
[Bullagetrade.com/assets/images/image (1).jpg]
[Bullagetrade.com/assets/images/cryptos-animated.svg]
[Bullagetrade.com/assets/images/image.jpg]
[Bullagetrade.com/assets/images/image (2).jpg]
[Bullagetrade.com/assets/images/image (5).jpg]
[Bullagetrade.com/assets/images/image (4).jpg]
[Bullagetrade.com/assets/images/image (7).jpg]
[Bullagetrade.com/assets/images/image (6).jpg]
[Bullagetrade.com/assets/images/image (3).jpg]
[Bullagetrade.com/assets/images/multibank-ctrader-app-1.webp]
[s3.tradingview.com/external-embedding/embed-widget-market-quotes.js]
[Bullagetrade.com/assets/images/TradingView-Logo.png]
[Bullagetrade.com/affiliate/software/tradingview.html]
[Bullagetrade.com/assets/images/Traders-Mastermind.png.webp]
[Bullagetrade.com/affiliate/software/mastermind.html]
[Bullagetrade.com/assets/images/roboforex.svg]
[Bullagetrade.com/affiliate/software/roboforex.html]
[Bullagetrade.com/assets/images/eoption-logo.png]
[Bullagetrade.com/affiliate/software/eoption.html]
[Bullagetrade.com/assets/images/degiro-logo.svg]
[Bullagetrade.com/affiliate/software/degiro.html]
[Bullagetrade.com/assets/images/iq-option-logo.png]
[Bullagetrade.com/affiliate/software/iqoption.html]
[Bullagetrade.com/stocks]
[Bullagetrade.com/assets/js/vendor/jquery-3.6.0.min.js]
[cdnjs.cloudflare.com/ajax/libs/socket.io/4.0.1/socket.io.min.js]
[Bullagetrade.com/assets/js/bootstrap.min.js]
[Bullagetrade.com/assets/js/jquery.countdown.min.js]
[Bullagetrade.com/assets/js/jquery.appear.js]
[Bullagetrade.com/assets/js/slick.min.js]
[Bullagetrade.com/assets/js/jquery.easing.js]
[Bullagetrade.com/assets/js/wow.min.js]
[Bullagetrade.com/assets/js/chart.min.js]
[Bullagetrade.com/assets/js/main.js]
[Bullagetrade.com/assets/js/swiper.min.js]
[Bullagetrade.com/assets/js/vendor/swiper-element-bundle.min.js]
[Bullagetrade.com/assets/js/typing.js]
[Bullagetrade.com/assets/images/index.html]
[Bullagetrade.com/index.html]
[Bullagetrade.com/images/iStock-891619848_meitu_1.html]
[Bullagetrade.com/assets/css/bootstrap.min.css]
[Bullagetrade.com/assets/css/animate.min.css]
[www.smartsuppchat.com/loaderd41d.js]
[Bullagetrade.com/assets/fonts/fa-brands-400.eot]
[Bullagetrade.com/assets/fonts/fa-brands-400d41d.eot]
[Bullagetrade.com/assets/fonts/fa-brands-400.woff2]
[Bullagetrade.com/assets/fonts/fa-brands-400.woff]
[Bullagetrade.com/assets/fonts/fa-brands-400.ttf]
[Bullagetrade.com/assets/fonts/fa-brands-400.svg]
[Bullagetrade.com/assets/fonts/fa-regular-400.eot]
[Bullagetrade.com/assets/fonts/fa-regular-400d41d.eot]
[Bullagetrade.com/assets/fonts/fa-regular-400.woff2]
[Bullagetrade.com/assets/fonts/fa-regular-400.woff]
[Bullagetrade.com/assets/fonts/fa-regular-400.ttf]
[Bullagetrade.com/assets/fonts/fa-regular-400.svg]
[Bullagetrade.com/assets/fonts/fa-solid-900.eot]
[Bullagetrade.com/assets/fonts/fa-solid-900d41d.eot]
[Bullagetrade.com/assets/fonts/fa-solid-900.woff2]
[Bullagetrade.com/assets/fonts/fa-solid-900.woff]
[Bullagetrade.com/assets/fonts/fa-solid-900.ttf]
[Bullagetrade.com/assets/fonts/fa-solid-900.svg]
[Bullagetrade.com/assets/css/fontawesome-all.min.css]
[Bullagetrade.com/assets/css/slick.css]
[Bullagetrade.com/assets/css/default.css]
[Bullagetrade.com/assets/images/logos@2x.png]
[Bullagetrade.com/assets/images/copy-trading-homepage-bg.webp]
[Bullagetrade.com/assets/css/stylee47d.css]
[Bullagetrade.com/assets/css/responsive.css]
[Bullagetrade.com/assets/css/swiper.min.css]
[Bullagetrade.com/assets/css/swiper-style.css]
[Bullagetrade.com/assets/css/custom.css]
[Bullagetrade.com/assets/css/style-extra.css]
[Bullagetrade.com/assets/images/sv-landscape9531.webp]
[Bullagetrade.com/assets/images/team9531.webp]
[Bullagetrade.com/assets/images/Transparent_TradingPlatform9531.webp]
[Bullagetrade.com/about.html]
[Bullagetrade.com/assets/images/us.png]
[Bullagetrade.com/assets/images/au.png]
[Bullagetrade.com/assets/images/de.png]
[Bullagetrade.com/assets/images/ky.png]
[Bullagetrade.com/assets/images/ae.png]
[Bullagetrade.com/assets/images/bvi.png]
[Bullagetrade.com/assets/images/at.png]
[Bullagetrade.com/assets/images/MS.png]
[Bullagetrade.com/assets/images/cn.png]
[Bullagetrade.com/assets/images/vu.png]
[Bullagetrade.com/regulations.html]
[Bullagetrade.com/contact.html]
[Bullagetrade.com/assets/images/tastytrade_fullcolor_RGB-300x55_(8).svg]
[Bullagetrade.com/assets/images/tradier-logo.svg]
[Bullagetrade.com/assets/images/ib-logo-text-black.svg]
[Bullagetrade.com/assets/images/PersonalLogo-cac8adf49ad92613b03ea2ec2251d81d.svg]
[Bullagetrade.com/software.html]
[Bullagetrade.com/assets/images/6131d53c9d3264ee1c020fb9_logo.svg]
[Bullagetrade.com/news.html]
[Bullagetrade.com/forex.html]
[s3.tradingview.com/external-embedding/embed-widget-timeline.js]
[eu-images.contentstack.com/v3/assets/bltaec35894448c7261/blt5fb89e588c7911ef/6515233001d978209cabd861/01_09_2020_goldbarsffde.jpg]
[eu-images.contentstack.com/v3/assets/bltaec35894448c7261/blt5fb89e588c7911ef/6515233001d978209cabd861/01_09_2020_goldbars0024.jpg]
[eu-images.contentstack.com/v3/assets/bltaec35894448c7261/blt5fb89e588c7911ef/6515233001d978209cabd861/01_09_2020_goldbars.jpg]
[Bullagetrade.com/commodities.html]
[eu-images.contentstack.com/v3/assets/bltaec35894448c7261/bltc5bfdecefc34c90a/5fab7e42de11f61ec5f02e18/iStock-1141466414_meitu_1ffde.jpg]
[eu-images.contentstack.com/v3/assets/bltaec35894448c7261/bltc5bfdecefc34c90a/5fab7e42de11f61ec5f02e18/iStock-1141466414_meitu_10024.jpg]
[eu-images.contentstack.com/v3/assets/bltaec35894448c7261/bltc5bfdecefc34c90a/5fab7e42de11f61ec5f02e18/iStock-1141466414_meitu_1.jpg]
[Bullagetrade.com/indices.html]
[Bullagetrade.com/en-af/trading/spreads-swaps-commissions]
[Bullagetrade.com/assets/images/1.jpg]
[Bullagetrade.com/assets/images/2.jpg]
[Bullagetrade.com/assets/images/3.jpg]
[Bullagetrade.com/assets/images/4.jpg]
[Bullagetrade.com/shares.html]
[Bullagetrade.com/crypto.html]
[Bullagetrade.com/assets/images/mt4Ipad.png]
[Bullagetrade.com/assets/images/mt4Mobile.png]
[Bullagetrade.com/metatrader4.html]
[Bullagetrade.com/assets/images/imagen-mt5.png]
[Bullagetrade.com/assets/images/mt5Platform.png]
[Bullagetrade.com/metatrader5.html]
[Bullagetrade.com/assets/images/pexels-anna-nekrashevich-6801872.jpg]
[Bullagetrade.com/option-copy-trading.html]
[Bullagetrade.com/assets/images/pexels-alesia-kozik-6771900.jpg]
[Bullagetrade.com/advance-trading.html]
[Bullagetrade.com/assets/images/pexels-artem-podrez-5715853.jpg]
[Bullagetrade.com/live-trading.html]
[Bullagetrade.com/market/assets/images/logo.png]
[Bullagetrade.com/market/crypto]
[Bullagetrade.com/market/indices]
[Bullagetrade.com/market/metatrader5]
[Bullagetrade.com/market/record.html]
[Bullagetrade.com/cdn-cgi/l/email-protection.html]
[Bullagetrade.com/assets/images/metals-updated.svg]
[Bullagetrade.com/assets/images/title_img02.html]
[Bullagetrade.com/assets/images/apple-logo.svg]
[Bullagetrade.com/assets/images/currencypairesnew.svg]
[Bullagetrade.com/assets/images/stocks-animated.svg]
[Bullagetrade.com/assets/images/indices-animated.svg]
[Bullagetrade.com/assets/images/commodities-banner.svg]
[Bullagetrade.com/assets/images/cryptos-animated.svg]
[Bullagetrade.com/affiliate/software/assets/images/logo.png]
[Bullagetrade.com/assets/images/How-to-Use-TradingView-10.webp]
[Bullagetrade.com/affiliate/software/tradingview.html]
[Bullagetrade.com/assets/images/mastermid.png]
[Bullagetrade.com/affiliate/software/mastermind.html]
[Bullagetrade.com/assets/images/roboforex.svg]
[Bullagetrade.com/assets/images/104.jpg]
[Bullagetrade.com/affiliate/software/roboforex.html]
[Bullagetrade.com/assets/images/538.jpg]
[Bullagetrade.com/affiliate/software/eoption.html]
[Bullagetrade.com/assets/images/degiro-logo.svg]
[Bullagetrade.com/assets/images/491.jpg]
[Bullagetrade.com/affiliate/software/degiro.html]
[Bullagetrade.com/assets/images/iq-option-vector-logo.png]
[Bullagetrade.com/affiliate/software/iqoption.html]
[Bullagetrade.com/stocks.html]
[Bullagetrade.com/_autoindex/assets/css/autoindex.css]
[Bullagetrade.com/_autoindex/assets/js/tablesort.js]
[Bullagetrade.com/_autoindex/assets/js/tablesort.number.js]
[Bullagetrade.com/_autoindex/assets/icons/corner-left-up.svg]
[Bullagetrade.com/assets/images/index9a11.html]
[Bullagetrade.com/_autoindex/assets/icons/image.svg]
[Bullagetrade.com/assets/images/index2a60.html]
[Bullagetrade.com/assets/images/index3dd6.html]
[Bullagetrade.com/assets/images/aaplde.svg]
[Bullagetrade.com/assets/index.html]
[Bullagetrade.com/assets/images/AAPLDE.svg]
[Bullagetrade.com/assets/images/adausd.svg]
[Bullagetrade.com/assets/images/ADAUSD.svg]
[Bullagetrade.com/assets/images/ae@2x.png]
[Bullagetrade.com/assets/images/amzno.svg]
[Bullagetrade.com/assets/images/AMZNO.svg]
[Bullagetrade.com/assets/images/apple.mp4]
[Bullagetrade.com/_autoindex/assets/icons/music.svg]
[Bullagetrade.com/assets/images/at@2x.png]
[Bullagetrade.com/assets/images/au (1).png]
[Bullagetrade.com/assets/images/au@2x (1).png]
[Bullagetrade.com/assets/images/au@2x.png]
[Bullagetrade.com/assets/images/audusd.svg]
[Bullagetrade.com/assets/images/AUDUSD.svg]
[Bullagetrade.com/assets/images/btcusd.svg]
[Bullagetrade.com/assets/images/BTCUSD.svg]
[Bullagetrade.com/assets/images/bvi@2x.png]
[Bullagetrade.com/assets/images/cn@2x.png]
[Bullagetrade.com/assets/images/cocoa.svg]
[Bullagetrade.com/assets/images/COCOA.svg]
[Bullagetrade.com/assets/images/coffee.svg]
[Bullagetrade.com/assets/images/COFFEE.svg]
[Bullagetrade.com/assets/images/copy-trading-networking-icon-sm.webp]
[Bullagetrade.com/assets/images/corn.svg]
[Bullagetrade.com/assets/images/CORN.svg]
[Bullagetrade.com/assets/images/cta-bg.webp]
[Bullagetrade.com/assets/images/de30.svg]
[Bullagetrade.com/assets/images/DE30.svg]
[Bullagetrade.com/assets/images/de@2x.png]
[Bullagetrade.com/assets/images/dogusd.svg]
[Bullagetrade.com/assets/images/copytrading-animated.svg]
[Bullagetrade.com/assets/images/DOGUSD.svg]
[Bullagetrade.com/assets/images/ethusd.svg]
[Bullagetrade.com/assets/images/ETHUSD.svg]
[Bullagetrade.com/assets/images/eurusd.svg]
[Bullagetrade.com/assets/images/EURUSD.svg]
[Bullagetrade.com/assets/images/eurusd_bg.svg]
[Bullagetrade.com/assets/images/EURUSD_bg.svg]
[Bullagetrade.com/assets/images/features_two_img01.png]
[Bullagetrade.com/assets/images/features_two_img02.png]
[Bullagetrade.com/assets/images/features_two_img03.png]
[Bullagetrade.com/assets/images/gbpusd.svg]
[Bullagetrade.com/assets/images/GBPUSD.svg]
[Bullagetrade.com/assets/images/googlo.svg]
[Bullagetrade.com/assets/images/GOOGLO.svg]
[Bullagetrade.com/assets/images/hfff_1_3.mp4]
[Bullagetrade.com/assets/images/iPhone-03_1_2_2x.webp]
[Bullagetrade.com/assets/images/istock-891619848_meitu_1-2.jpg]
[Bullagetrade.com/assets/images/jss.jpg]
[Bullagetrade.com/assets/images/ky@2x.png]
[Bullagetrade.com/assets/images/logos@2x-2.png]
[Bullagetrade.com/assets/images/ltcusd.svg]
[Bullagetrade.com/assets/images/LTCUSD.svg]
[Bullagetrade.com/assets/images/ms.f6.delayed]
[Bullagetrade.com/assets/images/MS@2x.png]
[Bullagetrade.com/assets/images/msftde.svg]
[Bullagetrade.com/assets/images/MSFTDE.svg]
[Bullagetrade.com/assets/images/mt4ipad-2.png]
[Bullagetrade.com/assets/images/mt4mobile-2.png]
[Bullagetrade.com/assets/images/mt5platform-2.png]
[Bullagetrade.com/assets/images/multibank-ctrader-app-1 (1).png]
[Bullagetrade.com/assets/images/multibank-ctrader-app-1 (1).webp]
[Bullagetrade.com/assets/images/multibank-ctrader-app-1.png]
[Bullagetrade.com/assets/images/multibank-ctrader-app-1@2x.png]
[Bullagetrade.com/assets/images/multibank-ctrader-app-1@2x.webp]
[Bullagetrade.com/assets/images/multibank-ctrader-app-3.png]
[Bullagetrade.com/assets/images/multibank-ctrader-app-3.webp]
[Bullagetrade.com/assets/images/multibank-ctrader-app-3@2x.png]
[Bullagetrade.com/assets/images/multibank-ctrader-app-3@2x.webp]
[Bullagetrade.com/assets/images/multibank-ctrader-app-4.png]
[Bullagetrade.com/assets/images/multibank-ctrader-app-4.webp]
[Bullagetrade.com/assets/images/multibank-ctrader-app-4@2x (1).png]
[Bullagetrade.com/assets/images/multibank-ctrader-app-4@2x (1).webp]
[Bullagetrade.com/assets/images/multibank-ctrader-app-4@2x (2).webp]
[Bullagetrade.com/assets/images/multibank-ctrader-app-4@2x (3).webp]
[Bullagetrade.com/assets/images/multibank-ctrader-app-4@2x.png]
[Bullagetrade.com/assets/images/multibank-ctrader-app-4@2x.webp]
[Bullagetrade.com/assets/images/multibank-mt4-mt5-app-1.png]
[Bullagetrade.com/assets/images/multibank-mt4-mt5-app-1.webp]
[Bullagetrade.com/assets/images/multibank-mt4-mt5-app-1@2x.png]
[Bullagetrade.com/assets/images/multibank-mt4-mt5-app-1@2x.webp]
[Bullagetrade.com/assets/images/multibank-mt4-mt5-app-2.webp]
[Bullagetrade.com/assets/images/multibank-mt4-mt5-app-2@2x.png]
[Bullagetrade.com/assets/images/multibank-mt4-mt5-app-2@2x.webp]
[Bullagetrade.com/assets/images/multibank-mt4-mt5-app-3.png]
[Bullagetrade.com/assets/images/multibank-mt4-mt5-app-3.webp]
[Bullagetrade.com/assets/images/multibank-mt4-mt5-app-3@2x.png]
[Bullagetrade.com/assets/images/multibank-mt4-mt5-app-3@2x.webp]
[Bullagetrade.com/assets/images/nflxo.svg]
[Bullagetrade.com/assets/images/NFLXO.svg]
[Bullagetrade.com/assets/images/nvidia.mp4]
[Bullagetrade.com/assets/images/nzdusd.svg]
[Bullagetrade.com/assets/images/NZDUSD.svg]
[Bullagetrade.com/assets/images/personallogo-cac8adf49ad92613b03ea2ec2251d81d-2.svg]
[Bullagetrade.com/assets/images/rplusd.svg]
[Bullagetrade.com/assets/images/RPLUSD.svg]
[Bullagetrade.com/assets/images/seo.jpg]
[Bullagetrade.com/assets/images/solusd_bg.svg]
[Bullagetrade.com/assets/images/SOLUSD_bg.svg]
[Bullagetrade.com/assets/images/soy.svg]
[Bullagetrade.com/assets/images/SOY.svg]
[Bullagetrade.com/assets/images/soybean_bg.svg]
[Bullagetrade.com/assets/images/SOYBEAN_bg.svg]
[Bullagetrade.com/assets/images/spx500_bg.svg]
[Bullagetrade.com/assets/images/SPX500_bg.svg]
[Bullagetrade.com/assets/images/sv-landscape.webp]
[Bullagetrade.com/assets/images/swing-trading.jpg]
[Bullagetrade.com/assets/images/tastytrade_fullcolor_rgb-300x55_(8)-2.svg]
[Bullagetrade.com/assets/images/team.webp]
[Bullagetrade.com/assets/images/tesla.gif]
[Bullagetrade.com/assets/images/tesla.mp4]
[Bullagetrade.com/assets/images/tradingview-logo-2.png]
[Bullagetrade.com/assets/images/tradingview-minimal.webp]
[Bullagetrade.com/assets/images/tradingview-screens.webp]
[Bullagetrade.com/assets/images/Transparent_TradingPlatform.webp]
[Bullagetrade.com/assets/images/tsla.us_bg.svg]
[Bullagetrade.com/assets/images/TSLA.US_bg.svg]
[Bullagetrade.com/assets/images/tslade.svg]
[Bullagetrade.com/assets/images/TSLADE.svg]
[Bullagetrade.com/assets/images/uk100.svg]
[Bullagetrade.com/assets/images/UK100.svg]
[Bullagetrade.com/assets/images/UKOUSD (1).svg]
[Bullagetrade.com/assets/images/ukousd.svg]
[Bullagetrade.com/assets/images/UKOUSD.svg]
[Bullagetrade.com/assets/images/us30.svg]
[Bullagetrade.com/assets/images/US30.svg]
[Bullagetrade.com/assets/images/us500.svg]
[Bullagetrade.com/assets/images/US500.svg]
[Bullagetrade.com/assets/images/us@2x.png]
[Bullagetrade.com/assets/images/usdcad.svg]
[Bullagetrade.com/assets/images/USDCAD.svg]
[Bullagetrade.com/assets/images/usdchf.svg]
[Bullagetrade.com/assets/images/USDCHF.svg]
[Bullagetrade.com/assets/images/ut100.svg]
[Bullagetrade.com/assets/images/UT100.svg]
[Bullagetrade.com/assets/images/vu@2x.png]
[Bullagetrade.com/assets/images/xagusd.svg]
[Bullagetrade.com/assets/images/xauusd_bg.svg]
[Bullagetrade.com/assets/images/index.html]
[Bullagetrade.com/assets/fonts/fa-brands-400.html]
[Bullagetrade.com/assets/fonts/fa-brands-400d41d.html]
[Bullagetrade.com/assets/fonts/fa-brands-401.html]
[Bullagetrade.com/assets/fonts/fa-brands-402.html]
[Bullagetrade.com/assets/fonts/fa-brands-403.html]
[Bullagetrade.com/assets/fonts/fa-regular-400.html]
[Bullagetrade.com/assets/fonts/fa-regular-400d41d.html]
[Bullagetrade.com/assets/fonts/fa-regular-401.html]
[Bullagetrade.com/assets/fonts/fa-regular-402.html]
[Bullagetrade.com/assets/fonts/fa-regular-403.html]
[Bullagetrade.com/assets/fonts/fa-solid-900.html]
[Bullagetrade.com/assets/fonts/fa-solid-900d41d.html]
[Bullagetrade.com/assets/fonts/fa-solid-901.html]
[Bullagetrade.com/assets/fonts/fa-solid-902.html]
[Bullagetrade.com/assets/fonts/fa-solid-903.html]
[Bullagetrade.com/images/bg-academy.jpg]
[Bullagetrade.com/images/bg-academy.webp]
[Bullagetrade.com/assets/images/XAGUSD.svg]
[Bullagetrade.com/assets/css/style-extra.css]
[Bullagetrade.com/assets/images/tastytrade_fullcolor_RGB-300x55_(8).svg]
[Bullagetrade.com/assets/images/tradier-logo.svg]
[Bullagetrade.com/assets/images/ib-logo-text-black.svg]
[Bullagetrade.com/assets/images/PersonalLogo-cac8adf49ad92613b03ea2ec2251d81d.svg]
[Bullagetrade.com/assets/images/6131d53c9d3264ee1c020fb9_logo.svg]
[Bullagetrade.com/assets/images/XAUUSD_bg.svg]
[Bullagetrade.com/en-af/trading/instruments]
[Bullagetrade.com/en-af/trading/instruments/index.html]
[Bullagetrade.com/en-af/market-analysis]
[Bullagetrade.com/en-af/market-analysis/index.html]
[Bullagetrade.com/en-af/european-equities]
[Bullagetrade.com/en-af/european-equities/index.html]
[Bullagetrade.com/en-af/trading/spreads-swaps-commissions.html]
[Bullagetrade.com/market/assets/images/logo.html]
[Bullagetrade.com/market/crypto.html]
[Bullagetrade.com/market/indices.html]
[Bullagetrade.com/market/metatrader5.html]
[Bullagetrade.com/affiliate/software/assets/images/logo.html]
[Bullagetrade.com/_autoindex/assets/css/autoindex.css]
[Bullagetrade.com/assets/images/index9a11.html]
[Bullagetrade.com/assets/images/index2a60.html]
[Bullagetrade.com/assets/images/index3dd6.html]
[Bullagetrade.com/assets/images/indexd4cd.html]
[Bullagetrade.com/_autoindex/assets/icons/folder-fill.svg]
[Bullagetrade.com/assets/index.html]
[Bullagetrade.com/assets/images/index7dc1.html]
[Bullagetrade.com/assets/index9a11.html]
[Bullagetrade.com/_autoindex/assets/icons/corner-left-up.svg]
[Bullagetrade.com/assets/images/index38f9.html]
[Bullagetrade.com/_autoindex/assets/icons/image.svg]
[Bullagetrade.com/assets/index3dd6.html]
[Bullagetrade.com/assets/index2a60.html]
[Bullagetrade.com/assets/images/aaplde.html]
[Bullagetrade.com/assets/images/AAPLDE.svg]
[Bullagetrade.com/assets/images/adausd.html]
[Bullagetrade.com/assets/fonts/index.html]
[Bullagetrade.com/assets/css/index.html]
[Bullagetrade.com/assets/images/ADAUSD.svg]
[Bullagetrade.com/assets/images/amzno.html]
[Bullagetrade.com/assets/images/AMZNO.svg]
[Bullagetrade.com/_autoindex/assets/icons/music.svg]
[Bullagetrade.com/assets/images/audusd.html]
[Bullagetrade.com/assets/images/AUDUSD.svg]
[Bullagetrade.com/assets/images/btcusd.html]
[Bullagetrade.com/assets/images/BTCUSD.svg]
[Bullagetrade.com/assets/images/cocoa.html]
[Bullagetrade.com/assets/images/COCOA.svg]
[Bullagetrade.com/assets/images/coffee.html]
[Bullagetrade.com/assets/images/COFFEE.svg]
[Bullagetrade.com/assets/images/copytrading-animated.svg]
[Bullagetrade.com/assets/images/corn.html]
[Bullagetrade.com/assets/images/CORN.svg]
[Bullagetrade.com/assets/images/de30.html]
[Bullagetrade.com/assets/images/DE30.svg]
[Bullagetrade.com/assets/images/dogusd.html]
[Bullagetrade.com/assets/images/DOGUSD.svg]
[Bullagetrade.com/assets/images/ethusd.html]
[Bullagetrade.com/assets/images/ETHUSD.svg]
[Bullagetrade.com/assets/images/eurusd.html]
[Bullagetrade.com/assets/images/EURUSD.svg]
[Bullagetrade.com/assets/images/eurusd_bg.html]
[Bullagetrade.com/assets/images/EURUSD_bg.svg]
[Bullagetrade.com/assets/images/gbpusd.html]
[Bullagetrade.com/assets/images/GBPUSD.svg]
[Bullagetrade.com/assets/images/googlo.html]
[Bullagetrade.com/assets/images/GOOGLO.svg]
[Bullagetrade.com/assets/images/istock-891619848_meitu_1.html]
[Bullagetrade.com/assets/images/ltcusd.html]
[Bullagetrade.com/assets/images/LTCUSD.svg]
[Bullagetrade.com/assets/images/ms.html]
[Bullagetrade.com/assets/images/msftde.html]
[Bullagetrade.com/assets/images/MSFTDE.svg]
[Bullagetrade.com/assets/images/mt4ipad.html]
[Bullagetrade.com/assets/images/mt4mobile.html]
[Bullagetrade.com/assets/images/mt5platform.html]
[Bullagetrade.com/assets/images/nflxo.html]
[Bullagetrade.com/assets/images/NFLXO.svg]
[Bullagetrade.com/assets/images/nzdusd.html]
[Bullagetrade.com/assets/images/NZDUSD.svg]
[Bullagetrade.com/assets/images/personallogo-cac8adf49ad92613b03ea2ec2251d81d.html]
[Bullagetrade.com/assets/images/rplusd.html]
[Bullagetrade.com/assets/images/RPLUSD.svg]
[Bullagetrade.com/assets/images/solusd_bg.html]
[Bullagetrade.com/assets/images/SOLUSD_bg.svg]
[Bullagetrade.com/assets/images/soy.html]
[Bullagetrade.com/assets/images/SOY.svg]
[Bullagetrade.com/assets/images/soybean_bg.html]
[Bullagetrade.com/assets/images/SOYBEAN_bg.svg]
[Bullagetrade.com/assets/images/spx500_bg.html]
[Bullagetrade.com/assets/images/SPX500_bg.svg]
[Bullagetrade.com/assets/images/tastytrade_fullcolor_rgb-300x55_(8).html]
[Bullagetrade.com/assets/images/tradingview-logo.html]
[Bullagetrade.com/assets/images/tsla.us_bg.html]
[Bullagetrade.com/assets/images/TSLA.US_bg.svg]
[Bullagetrade.com/assets/images/tslade.html]
[Bullagetrade.com/assets/images/TSLADE.svg]
[Bullagetrade.com/assets/images/uk100.html]
[Bullagetrade.com/assets/images/UK100.svg]
[Bullagetrade.com/assets/images/UKOUSD (1).svg]
[Bullagetrade.com/assets/images/ukousd.html]
[Bullagetrade.com/assets/images/UKOUSD.svg]
[Bullagetrade.com/assets/images/us30.html]
[Bullagetrade.com/assets/images/US30.svg]
[Bullagetrade.com/assets/images/us500.html]
[Bullagetrade.com/assets/images/US500.svg]
[Bullagetrade.com/assets/images/usdcad.html]
[Bullagetrade.com/assets/images/USDCAD.svg]
[Bullagetrade.com/assets/images/usdchf.html]
[Bullagetrade.com/assets/images/USDCHF.svg]
[Bullagetrade.com/assets/images/ut100.html]
[Bullagetrade.com/assets/images/UT100.svg]
[Bullagetrade.com/assets/images/xagusd.html]
[Bullagetrade.com/assets/images/XAGUSD.svg]
[Bullagetrade.com/assets/images/xauusd_bg.html]
[Bullagetrade.com/assets/images/XAUUSD_bg.svg]
[Bullagetrade.com/images/bg-academy.html]
[Bullagetrade.com/images/bg-academy-2.html]
[Bullagetrade.com/en-af/trading/instruments.html]
[Bullagetrade.com/en-af/market-analysis.html]
[Bullagetrade.com/en-af/european-equities.html]
[Bullagetrade.com/market/record/1/recap3c83.html]
[Bullagetrade.com/market/record/2/recapfb61.html]
[Bullagetrade.com/market/record/3/recap947f.html]
[Bullagetrade.com/market/record/4/recap7172.html]
[Bullagetrade.com/market/record/5/recap448d.html]
[Bullagetrade.com/market/record/6/recap663a.html]
[Bullagetrade.com/market/record/7/recap6df7.html]
[Bullagetrade.com/market/record/8/recapa926.html]
[Bullagetrade.com/assets/images/indexd4cd.html]
[Bullagetrade.com/assets/images/index7dc1.html]
[Bullagetrade.com/assets/images/index38f9.html]
[Bullagetrade.com/assets/index9a11.html]
[Bullagetrade.com/assets/index2a60.html]
[Bullagetrade.com/assets/index3dd6.html]
[Bullagetrade.com/assets/js/index.html]
[Bullagetrade.com/assets/indexd4cd.html]
[Bullagetrade.com/assets/index7dc1.html]
[Bullagetrade.com/assets/index38f9.html]
[Bullagetrade.com/assets/css/index9a11.html]
[Bullagetrade.com/_autoindex/assets/icons/file-text.svg]
[Bullagetrade.com/assets/css/index2a60.html]
[Bullagetrade.com/assets/css/header-anim.css]
[Bullagetrade.com/assets/css/index3dd6.html]
[Bullagetrade.com/assets/css/index.html]
[Bullagetrade.com/_autoindex/assets/icons/folder-fill.svg]
[Bullagetrade.com/assets/fonts/index.html]
[Bullagetrade.com/_autoindex/assets/icons/file.svg]
[Bullagetrade.com/assets/fonts/index9a11.html]
[Bullagetrade.com/assets/css/style.css]
[Bullagetrade.com/assets/js/index.html]
[Bullagetrade.com/assets/indexd4cd.html]
[Bullagetrade.com/assets/fonts/index2a60.html]
[Bullagetrade.com/assets/index7dc1.html]
[Bullagetrade.com/assets/fonts/index3dd6.html]
[Bullagetrade.com/assets/js/index2a60.html]
[Bullagetrade.com/assets/js/index9a11.html]
[Bullagetrade.com/assets/index38f9.html]
[Bullagetrade.com/assets/css/index9a11.html]
[Bullagetrade.com/assets/css/index2a60.html]
[Bullagetrade.com/assets/js/index3dd6.html]
[Bullagetrade.com/assets/css/index3dd6.html]
[Bullagetrade.com/assets/css/indexd4cd.html]
[Bullagetrade.com/assets/css/index7dc1.html]
[Bullagetrade.com/assets/js/vendor/index.html]
[Bullagetrade.com/_autoindex/assets/icons/file-text.svg]
[Bullagetrade.com/assets/css/header-anim.css]
[Bullagetrade.com/assets/css/style.css]
[Bullagetrade.com/assets/fonts/index9a11.html]
[Bullagetrade.com/assets/fonts/index2a60.html]
[Bullagetrade.com/assets/fonts/index3dd6.html]
[Bullagetrade.com/assets/css/index38f9.html]
[Bullagetrade.com/_autoindex/assets/icons/file.svg]
[Bullagetrade.com/assets/js/index9a11.html]
[Bullagetrade.com/assets/fonts/index7dc1.html]
[Bullagetrade.com/assets/js/index2a60.html]
[Bullagetrade.com/assets/fonts/index38f9.html]
[Bullagetrade.com/assets/fonts/indexd4cd.html]
[Bullagetrade.com/assets/js/index3dd6.html]
[Bullagetrade.com/assets/js/vendor/index.html]
[Bullagetrade.com/assets/js/index7dc1.html]
[Bullagetrade.com/assets/js/indexd4cd.html]
[Bullagetrade.com/assets/css/indexd4cd.html]
[Bullagetrade.com/assets/js/vendor/index9a11.html]
[Bullagetrade.com/assets/js/index38f9.html]
[Bullagetrade.com/assets/css/index7dc1.html]
[Bullagetrade.com/assets/css/index38f9.html]
[Bullagetrade.com/assets/fonts/indexd4cd.html]
[Bullagetrade.com/assets/fonts/index7dc1.html]
[Bullagetrade.com/assets/fonts/index38f9.html]
[Bullagetrade.com/assets/js/indexd4cd.html]
[Bullagetrade.com/assets/js/index7dc1.html]
[Bullagetrade.com/assets/js/index38f9.html]
[Bullagetrade.com/assets/js/vendor/index9a11.html]
[Bullagetrade.com/assets/js/vendor/index3dd6.html]
[Bullagetrade.com/assets/js/vendor/index2a60.html]
[Bullagetrade.com/assets/js/vendor/index2a60.html]
[Bullagetrade.com/assets/js/vendor/index3dd6.html]
[Bullagetrade.com/assets/js/vendor/indexd4cd.html]
[Bullagetrade.com/assets/js/vendor/index7dc1.html]
[Bullagetrade.com/assets/js/vendor/indexd4cd.html]
[Bullagetrade.com/assets/js/vendor/index7dc1.html]
[Bullagetrade.com/assets/js/vendor/index38f9.html]
[Bullagetrade.com/assets/js/vendor/index38f9.html]
